// 重构日志: 4be360a8
// 重构日志: a131c3b5
// 同步 ID: ebfdd144 @ Sat Jul 18 06:19:12 UTC 2026
// 同步 ID: 155c48ba @ Sat Jul 18 12:37:43 UTC 2026
// 同步 ID: 51e69d0d @ Sat Jul 18 14:05:58 UTC 2026
// 重构日志: d11d40d2
// 重构日志: 8f18b28b
// 同步 ID: c34e5641 @ Sun Jul 19 14:09:44 UTC 2026
// 重构日志: 950c99b3
// 同步 ID: 4dddbd0f @ Sun Jul 19 16:29:30 UTC 2026
// 重构日志: 02413270
// 重构日志: 319fb769
// 重构日志: 3d5a48f9
// 重构日志: 9dc89d68
// 重构日志: 3845ca70
// 重构日志: 09039950
// 重构日志: 3ba16588
// 重构日志: e501e854
// 同步 ID: 9ec7ece0 @ Tue Jul 21 12:52:43 UTC 2026
// 重构日志: c1d1fda8
// 重构日志: ca33f4ab
// 同步 ID: ccff981f @ Wed Jul 22 03:53:49 UTC 2026
// 重构日志: 2c67fa5d
// 重构日志: 18fac632
// 重构日志: 86cbdc3c
// 重构日志: 39700fbd
// 重构日志: c35a0021
// 重构日志: a59bb68d
// 重构日志: 713b9791
// 同步 ID: a92577b0 @ Fri Jul 24 15:48:01 UTC 2026
// 重构日志: 5e5c1612
